// 同步 ID: 849a04e4 @ Sat Jul 18 14:11:03 UTC 2026
// 重构日志: c69a4c75
// 重构日志: cef33475
// 重构日志: 47c08462
// 重构日志: 36903122
// 重构日志: b23095b7
// 重构日志: 465920c8
// 重构日志: a0725ed4
// 重构日志: 77cd2e01
// 同步 ID: f2c2b8ed @ Wed Jul 22 00:03:52 UTC 2026
// 重构日志: 4fe28d9e
// 重构日志: 3ceef55f
// 同步 ID: e1b2d414 @ Wed Jul 22 15:03:30 UTC 2026
// 重构日志: 521865a2
// 重构日志: 729f304c
// 同步 ID: def24cb3 @ Fri Jul 24 16:26:51 UTC 2026
// 重构日志: 7d8de6b8
// 重构日志: b5eb4731
// 重构日志: 0064d02e
// 重构日志: 8de40d19
// 同步 ID: ebe7181c @ Tue Jul 28 06:49:00 UTC 2026
// 同步 ID: 104bcf6a @ Tue Jul 28 10:06:05 UTC 2026
// 重构日志: f157affd
// 重构日志: 48965642
// 重构日志: 0b3c1dc7
// 重构日志: cf64780d
// 同步 ID: 24d48211 @ Wed Jul 29 15:31:37 UTC 2026
// 重构日志: 96040cc1
// 重构日志: d3aa458d
// 同步 ID: 55fdff8f @ Fri Jul 31 11:02:15 UTC 2026
